Creating test database for alias 'default'...
Found 21 test(s).
System check identified no issues (0 silenced).
/home/shanthant/Desktop/Personal/Projects/Ahoum/venv/lib64/python3.14/site-packages/jwt/api_jwt.py:147: InsecureKeyLengthWarning: The HMAC key is 30 bytes long, which is below the minimum recommended length of 32 bytes for SHA256. See RFC 7518 Section 3.2.
  return self._jws.encode(
/home/shanthant/Desktop/Personal/Projects/Ahoum/venv/lib64/python3.14/site-packages/jwt/api_jwt.py:368: InsecureKeyLengthWarning: The HMAC key is 30 bytes long, which is below the minimum recommended length of 32 bytes for SHA256. See RFC 7518 Section 3.2.
  decoded = self.decode_complete(
.............E...E...
======================================================================
ERROR: test_null_capacity_accepted (events.tests.EventAPITests.test_null_capacity_accepted)
----------------------------------------------------------------------
Traceback (most recent call last):
  File "/home/shanthant/Desktop/Personal/Projects/Ahoum/events/tests.py", line 155, in test_null_capacity_accepted
    res = self.client.post(self.list_create_url, payload)
  File "/home/shanthant/Desktop/Personal/Projects/Ahoum/venv/lib64/python3.14/site-packages/rest_framework/test.py", line 283, in post
    response = super().post(
        path, data=data, format=format, content_type=content_type, **extra)
  File "/home/shanthant/Desktop/Personal/Projects/Ahoum/venv/lib64/python3.14/site-packages/rest_framework/test.py", line 196, in post
    data, content_type = self._encode_data(data, format, content_type)
                         ~~~~~~~~~~~~~~~~~^^^^^^^^^^^^^^^^^^^^^^^^^^^^
  File "/home/shanthant/Desktop/Personal/Projects/Ahoum/venv/lib64/python3.14/site-packages/rest_framework/test.py", line 167, in _encode_data
    ret = renderer.render(data)
  File "/home/shanthant/Desktop/Personal/Projects/Ahoum/venv/lib64/python3.14/site-packages/rest_framework/renderers.py", line 901, in render
    return encode_multipart(self.BOUNDARY, data)
  File "/home/shanthant/Desktop/Personal/Projects/Ahoum/venv/lib64/python3.14/site-packages/django/test/client.py", line 292, in encode_multipart
    raise TypeError(
    ...<2 lines>...
    )
TypeError: Cannot encode None for key 'capacity' as POST data. Did you mean to pass an empty string or omit the value?

======================================================================
ERROR: test_starts_before_includes_historical (events.tests.EventAPITests.test_starts_before_includes_historical)
----------------------------------------------------------------------
Traceback (most recent call last):
  File "/home/shanthant/Desktop/Personal/Projects/Ahoum/venv/lib64/python3.14/site-packages/django/core/handlers/exception.py", line 55, in inner
    response = get_response(request)
  File "/home/shanthant/Desktop/Personal/Projects/Ahoum/venv/lib64/python3.14/site-packages/django/core/handlers/base.py", line 197, in _get_response
    response = wrapped_callback(request, *callback_args, **callback_kwargs)
  File "/home/shanthant/Desktop/Personal/Projects/Ahoum/venv/lib64/python3.14/site-packages/django/views/decorators/csrf.py", line 56, in wrapper_view
    return view_func(*args, **kwargs)
  File "/home/shanthant/Desktop/Personal/Projects/Ahoum/venv/lib64/python3.14/site-packages/django/views/generic/base.py", line 105, in view
    return self.dispatch(request, *args, **kwargs)
           ~~~~~~~~~~~~~^^^^^^^^^^^^^^^^^^^^^^^^^^
  File "/home/shanthant/Desktop/Personal/Projects/Ahoum/venv/lib64/python3.14/site-packages/rest_framework/views.py", line 515, in dispatch
    response = self.handle_exception(exc)
  File "/home/shanthant/Desktop/Personal/Projects/Ahoum/venv/lib64/python3.14/site-packages/rest_framework/views.py", line 475, in handle_exception
    self.raise_uncaught_exception(exc)
    ~~~~~~~~~~~~~~~~~~~~~~~~~~~~~^^^^^
  File "/home/shanthant/Desktop/Personal/Projects/Ahoum/venv/lib64/python3.14/site-packages/rest_framework/views.py", line 486, in raise_uncaught_exception
    raise exc
  File "/home/shanthant/Desktop/Personal/Projects/Ahoum/venv/lib64/python3.14/site-packages/rest_framework/views.py", line 512, in dispatch
    response = handler(request, *args, **kwargs)
  File "/home/shanthant/Desktop/Personal/Projects/Ahoum/venv/lib64/python3.14/site-packages/rest_framework/generics.py", line 243, in get
    return self.list(request, *args, **kwargs)
           ~~~~~~~~~^^^^^^^^^^^^^^^^^^^^^^^^^^
  File "/home/shanthant/Desktop/Personal/Projects/Ahoum/venv/lib64/python3.14/site-packages/rest_framework/mixins.py", line 38, in list
    queryset = self.filter_queryset(self.get_queryset())
                                    ~~~~~~~~~~~~~~~~~^^
  File "/home/shanthant/Desktop/Personal/Projects/Ahoum/events/views.py", line 45, in get_queryset
    queryset = queryset.filter(starts_at__lte=starts_before)
  File "/home/shanthant/Desktop/Personal/Projects/Ahoum/venv/lib64/python3.14/site-packages/django/db/models/query.py", line 1438, in filter
    return self._filter_or_exclude(False, args, kwargs)
           ~~~~~~~~~~~~~~~~~~~~~~~^^^^^^^^^^^^^^^^^^^^^
  File "/home/shanthant/Desktop/Personal/Projects/Ahoum/venv/lib64/python3.14/site-packages/django/db/models/query.py", line 1456, in _filter_or_exclude
    clone._filter_or_exclude_inplace(negate, args, kwargs)
    ~~~~~~~~~~~~~~~~~~~~~~~~~~~~~~~~^^^^^^^^^^^^^^^^^^^^^^
  File "/home/shanthant/Desktop/Personal/Projects/Ahoum/venv/lib64/python3.14/site-packages/django/db/models/query.py", line 1466, in _filter_or_exclude_inplace
    self._query.add_q(Q(*args, **kwargs))
    ~~~~~~~~~~~~~~~~~^^^^^^^^^^^^^^^^^^^^
  File "/home/shanthant/Desktop/Personal/Projects/Ahoum/venv/lib64/python3.14/site-packages/django/db/models/sql/query.py", line 1548, in add_q
    clause, _ = self._add_q(q_object, self.used_aliases)
                ~~~~~~~~~~~^^^^^^^^^^^^^^^^^^^^^^^^^^^^^
  File "/home/shanthant/Desktop/Personal/Projects/Ahoum/venv/lib64/python3.14/site-packages/django/db/models/sql/query.py", line 1579, in _add_q
    child_clause, needed_inner = self.build_filter(
                                 ~~~~~~~~~~~~~~~~~^
        child,
        ^^^^^^
    ...<6 lines>...
        summarize=summarize,
        ^^^^^^^^^^^^^^^^^^^^
    )
    ^
  File "/home/shanthant/Desktop/Personal/Projects/Ahoum/venv/lib64/python3.14/site-packages/django/db/models/sql/query.py", line 1494, in build_filter
    condition = self.build_lookup(lookups, col, value)
  File "/home/shanthant/Desktop/Personal/Projects/Ahoum/venv/lib64/python3.14/site-packages/django/db/models/sql/query.py", line 1321, in build_lookup
    lookup = lookup_class(lhs, rhs)
  File "/home/shanthant/Desktop/Personal/Projects/Ahoum/venv/lib64/python3.14/site-packages/django/db/models/lookups.py", line 27, in __init__
    self.rhs = self.get_prep_lookup()
               ~~~~~~~~~~~~~~~~~~~~^^
  File "/home/shanthant/Desktop/Personal/Projects/Ahoum/venv/lib64/python3.14/site-packages/django/db/models/lookups.py", line 85, in get_prep_lookup
    return self.lhs.output_field.get_prep_value(self.rhs)
           ~~~~~~~~~~~~~~~~~~~~~~~~~~~~~~~~~~~~^^^^^^^^^^
  File "/home/shanthant/Desktop/Personal/Projects/Ahoum/venv/lib64/python3.14/site-packages/django/db/models/fields/__init__.py", line 1585, in get_prep_value
    value = super().get_prep_value(value)
  File "/home/shanthant/Desktop/Personal/Projects/Ahoum/venv/lib64/python3.14/site-packages/django/db/models/fields/__init__.py", line 1464, in get_prep_value
    return self.to_python(value)
           ~~~~~~~~~~~~~~^^^^^^^
  File "/home/shanthant/Desktop/Personal/Projects/Ahoum/venv/lib64/python3.14/site-packages/django/db/models/fields/__init__.py", line 1567, in to_python
    raise exceptions.ValidationError(
    ...<3 lines>...
    )
django.core.exceptions.ValidationError: ['“2026-08-27T17:48:56.157147 00:00” value has an invalid format. It must be in YYYY-MM-DD HH:MM[:ss[.uuuuuu]][TZ] format.']

During handling of the above exception, another exception occurred:

Traceback (most recent call last):
  File "/home/shanthant/Desktop/Personal/Projects/Ahoum/venv/lib64/python3.14/site-packages/django/core/handlers/exception.py", line 55, in inner
    response = get_response(request)
  File "/home/shanthant/Desktop/Personal/Projects/Ahoum/venv/lib64/python3.14/site-packages/django/utils/deprecation.py", line 134, in __call__
    response = response or self.get_response(request)
                           ~~~~~~~~~~~~~~~~~^^^^^^^^^
  File "/home/shanthant/Desktop/Personal/Projects/Ahoum/venv/lib64/python3.14/site-packages/django/core/handlers/exception.py", line 57, in inner
    response = response_for_exception(request, exc)
  File "/home/shanthant/Desktop/Personal/Projects/Ahoum/venv/lib64/python3.14/site-packages/django/core/handlers/exception.py", line 144, in response_for_exception
    log_response(
    ~~~~~~~~~~~~^
        "%s: %s",
        ^^^^^^^^^
    ...<4 lines>...
        exception=exc,
        ^^^^^^^^^^^^^^
    )
    ^
  File "/home/shanthant/Desktop/Personal/Projects/Ahoum/venv/lib64/python3.14/site-packages/django/utils/log.py", line 246, in log_response
    getattr(logger, level)(
    ~~~~~~~~~~~~~~~~~~~~~~^
        message,
        ^^^^^^^^
    ...<5 lines>...
        exc_info=exception,
        ^^^^^^^^^^^^^^^^^^^
    )
    ^
  File "/usr/lib64/python3.14/logging/__init__.py", line 1549, in error
    self._log(ERROR, msg, args, **kwargs)
    ~~~~~~~~~^^^^^^^^^^^^^^^^^^^^^^^^^^^^
  File "/usr/lib64/python3.14/logging/__init__.py", line 1665, in _log
    self.handle(record)
    ~~~~~~~~~~~^^^^^^^^
  File "/usr/lib64/python3.14/logging/__init__.py", line 1681, in handle
    self.callHandlers(record)
    ~~~~~~~~~~~~~~~~~^^^^^^^^
  File "/usr/lib64/python3.14/logging/__init__.py", line 1741, in callHandlers
    hdlr.handle(record)
    ~~~~~~~~~~~^^^^^^^^
  File "/usr/lib64/python3.14/logging/__init__.py", line 1027, in handle
    self.emit(record)
    ~~~~~~~~~^^^^^^^^
  File "/home/shanthant/Desktop/Personal/Projects/Ahoum/venv/lib64/python3.14/site-packages/django/utils/log.py", line 125, in emit
    reporter.get_traceback_text(),
    ~~~~~~~~~~~~~~~~~~~~~~~~~~~^^
  File "/home/shanthant/Desktop/Personal/Projects/Ahoum/venv/lib64/python3.14/site-packages/django/views/debug.py", line 418, in get_traceback_text
    return t.render(c)
           ~~~~~~~~^^^
  File "/home/shanthant/Desktop/Personal/Projects/Ahoum/venv/lib64/python3.14/site-packages/django/template/base.py", line 175, in render
    return self._render(context)
           ~~~~~~~~~~~~^^^^^^^^^
  File "/home/shanthant/Desktop/Personal/Projects/Ahoum/venv/lib64/python3.14/site-packages/django/test/utils.py", line 111, in instrumented_test_render
    template_rendered.send(sender=self, template=self, context=context)
    ~~~~~~~~~~~~~~~~~~~~~~^^^^^^^^^^^^^^^^^^^^^^^^^^^^^^^^^^^^^^^^^^^^^
  File "/home/shanthant/Desktop/Personal/Projects/Ahoum/venv/lib64/python3.14/site-packages/django/dispatch/dispatcher.py", line 177, in send
    (receiver, receiver(signal=self, sender=sender, **named))
               ~~~~~~~~^^^^^^^^^^^^^^^^^^^^^^^^^^^^^^^^^^^^^
  File "/home/shanthant/Desktop/Personal/Projects/Ahoum/venv/lib64/python3.14/site-packages/django/test/client.py", line 267, in store_rendered_templates
    store["context"].append(copy(context))
                            ~~~~^^^^^^^^^
  File "/usr/lib64/python3.14/copy.py", line 82, in copy
    return copier(x)
  File "/home/shanthant/Desktop/Personal/Projects/Ahoum/venv/lib64/python3.14/site-packages/django/template/context.py", line 158, in __copy__
    duplicate = super().__copy__()
  File "/home/shanthant/Desktop/Personal/Projects/Ahoum/venv/lib64/python3.14/site-packages/django/template/context.py", line 39, in __copy__
    duplicate.dicts = self.dicts[:]
    ^^^^^^^^^^^^^^^
AttributeError: 'super' object has no attribute 'dicts' and no __dict__ for setting new attributes

During handling of the above exception, another exception occurred:

Traceback (most recent call last):
  File "/home/shanthant/Desktop/Personal/Projects/Ahoum/venv/lib64/python3.14/site-packages/django/core/handlers/exception.py", line 55, in inner
    response = get_response(request)
  File "/home/shanthant/Desktop/Personal/Projects/Ahoum/venv/lib64/python3.14/site-packages/django/utils/deprecation.py", line 134, in __call__
    response = response or self.get_response(request)
                           ~~~~~~~~~~~~~~~~~^^^^^^^^^
  File "/home/shanthant/Desktop/Personal/Projects/Ahoum/venv/lib64/python3.14/site-packages/django/core/handlers/exception.py", line 57, in inner
    response = response_for_exception(request, exc)
  File "/home/shanthant/Desktop/Personal/Projects/Ahoum/venv/lib64/python3.14/site-packages/django/core/handlers/exception.py", line 144, in response_for_exception
    log_response(
    ~~~~~~~~~~~~^
        "%s: %s",
        ^^^^^^^^^
    ...<4 lines>...
        exception=exc,
        ^^^^^^^^^^^^^^
    )
    ^
  File "/home/shanthant/Desktop/Personal/Projects/Ahoum/venv/lib64/python3.14/site-packages/django/utils/log.py", line 246, in log_response
    getattr(logger, level)(
    ~~~~~~~~~~~~~~~~~~~~~~^
        message,
        ^^^^^^^^
    ...<5 lines>...
        exc_info=exception,
        ^^^^^^^^^^^^^^^^^^^
    )
    ^
  File "/usr/lib64/python3.14/logging/__init__.py", line 1549, in error
    self._log(ERROR, msg, args, **kwargs)
    ~~~~~~~~~^^^^^^^^^^^^^^^^^^^^^^^^^^^^
  File "/usr/lib64/python3.14/logging/__init__.py", line 1665, in _log
    self.handle(record)
    ~~~~~~~~~~~^^^^^^^^
  File "/usr/lib64/python3.14/logging/__init__.py", line 1681, in handle
    self.callHandlers(record)
    ~~~~~~~~~~~~~~~~~^^^^^^^^
  File "/usr/lib64/python3.14/logging/__init__.py", line 1741, in callHandlers
    hdlr.handle(record)
    ~~~~~~~~~~~^^^^^^^^
  File "/usr/lib64/python3.14/logging/__init__.py", line 1027, in handle
    self.emit(record)
    ~~~~~~~~~^^^^^^^^
  File "/home/shanthant/Desktop/Personal/Projects/Ahoum/venv/lib64/python3.14/site-packages/django/utils/log.py", line 125, in emit
    reporter.get_traceback_text(),
    ~~~~~~~~~~~~~~~~~~~~~~~~~~~^^
  File "/home/shanthant/Desktop/Personal/Projects/Ahoum/venv/lib64/python3.14/site-packages/django/views/debug.py", line 418, in get_traceback_text
    return t.render(c)
           ~~~~~~~~^^^
  File "/home/shanthant/Desktop/Personal/Projects/Ahoum/venv/lib64/python3.14/site-packages/django/template/base.py", line 175, in render
    return self._render(context)
           ~~~~~~~~~~~~^^^^^^^^^
  File "/home/shanthant/Desktop/Personal/Projects/Ahoum/venv/lib64/python3.14/site-packages/django/test/utils.py", line 111, in instrumented_test_render
    template_rendered.send(sender=self, template=self, context=context)
    ~~~~~~~~~~~~~~~~~~~~~~^^^^^^^^^^^^^^^^^^^^^^^^^^^^^^^^^^^^^^^^^^^^^
  File "/home/shanthant/Desktop/Personal/Projects/Ahoum/venv/lib64/python3.14/site-packages/django/dispatch/dispatcher.py", line 177, in send
    (receiver, receiver(signal=self, sender=sender, **named))
               ~~~~~~~~^^^^^^^^^^^^^^^^^^^^^^^^^^^^^^^^^^^^^
  File "/home/shanthant/Desktop/Personal/Projects/Ahoum/venv/lib64/python3.14/site-packages/django/test/client.py", line 267, in store_rendered_templates
    store["context"].append(copy(context))
                            ~~~~^^^^^^^^^
  File "/usr/lib64/python3.14/copy.py", line 82, in copy
    return copier(x)
  File "/home/shanthant/Desktop/Personal/Projects/Ahoum/venv/lib64/python3.14/site-packages/django/template/context.py", line 158, in __copy__
    duplicate = super().__copy__()
  File "/home/shanthant/Desktop/Personal/Projects/Ahoum/venv/lib64/python3.14/site-packages/django/template/context.py", line 39, in __copy__
    duplicate.dicts = self.dicts[:]
    ^^^^^^^^^^^^^^^
AttributeError: 'super' object has no attribute 'dicts' and no __dict__ for setting new attributes

During handling of the above exception, another exception occurred:

Traceback (most recent call last):
  File "/home/shanthant/Desktop/Personal/Projects/Ahoum/venv/lib64/python3.14/site-packages/django/core/handlers/exception.py", line 55, in inner
    response = get_response(request)
  File "/home/shanthant/Desktop/Personal/Projects/Ahoum/venv/lib64/python3.14/site-packages/django/utils/deprecation.py", line 134, in __call__
    response = response or self.get_response(request)
                           ~~~~~~~~~~~~~~~~~^^^^^^^^^
  File "/home/shanthant/Desktop/Personal/Projects/Ahoum/venv/lib64/python3.14/site-packages/django/core/handlers/exception.py", line 57, in inner
    response = response_for_exception(request, exc)
  File "/home/shanthant/Desktop/Personal/Projects/Ahoum/venv/lib64/python3.14/site-packages/django/core/handlers/exception.py", line 144, in response_for_exception
    log_response(
    ~~~~~~~~~~~~^
        "%s: %s",
        ^^^^^^^^^
    ...<4 lines>...
        exception=exc,
        ^^^^^^^^^^^^^^
    )
    ^
  File "/home/shanthant/Desktop/Personal/Projects/Ahoum/venv/lib64/python3.14/site-packages/django/utils/log.py", line 246, in log_response
    getattr(logger, level)(
    ~~~~~~~~~~~~~~~~~~~~~~^
        message,
        ^^^^^^^^
    ...<5 lines>...
        exc_info=exception,
        ^^^^^^^^^^^^^^^^^^^
    )
    ^
  File "/usr/lib64/python3.14/logging/__init__.py", line 1549, in error
    self._log(ERROR, msg, args, **kwargs)
    ~~~~~~~~~^^^^^^^^^^^^^^^^^^^^^^^^^^^^
  File "/usr/lib64/python3.14/logging/__init__.py", line 1665, in _log
    self.handle(record)
    ~~~~~~~~~~~^^^^^^^^
  File "/usr/lib64/python3.14/logging/__init__.py", line 1681, in handle
    self.callHandlers(record)
    ~~~~~~~~~~~~~~~~~^^^^^^^^
  File "/usr/lib64/python3.14/logging/__init__.py", line 1741, in callHandlers
    hdlr.handle(record)
    ~~~~~~~~~~~^^^^^^^^
  File "/usr/lib64/python3.14/logging/__init__.py", line 1027, in handle
    self.emit(record)
    ~~~~~~~~~^^^^^^^^
  File "/home/shanthant/Desktop/Personal/Projects/Ahoum/venv/lib64/python3.14/site-packages/django/utils/log.py", line 125, in emit
    reporter.get_traceback_text(),
    ~~~~~~~~~~~~~~~~~~~~~~~~~~~^^
  File "/home/shanthant/Desktop/Personal/Projects/Ahoum/venv/lib64/python3.14/site-packages/django/views/debug.py", line 418, in get_traceback_text
    return t.render(c)
           ~~~~~~~~^^^
  File "/home/shanthant/Desktop/Personal/Projects/Ahoum/venv/lib64/python3.14/site-packages/django/template/base.py", line 175, in render
    return self._render(context)
           ~~~~~~~~~~~~^^^^^^^^^
  File "/home/shanthant/Desktop/Personal/Projects/Ahoum/venv/lib64/python3.14/site-packages/django/test/utils.py", line 111, in instrumented_test_render
    template_rendered.send(sender=self, template=self, context=context)
    ~~~~~~~~~~~~~~~~~~~~~~^^^^^^^^^^^^^^^^^^^^^^^^^^^^^^^^^^^^^^^^^^^^^
  File "/home/shanthant/Desktop/Personal/Projects/Ahoum/venv/lib64/python3.14/site-packages/django/dispatch/dispatcher.py", line 177, in send
    (receiver, receiver(signal=self, sender=sender, **named))
               ~~~~~~~~^^^^^^^^^^^^^^^^^^^^^^^^^^^^^^^^^^^^^
  File "/home/shanthant/Desktop/Personal/Projects/Ahoum/venv/lib64/python3.14/site-packages/django/test/client.py", line 267, in store_rendered_templates
    store["context"].append(copy(context))
                            ~~~~^^^^^^^^^
  File "/usr/lib64/python3.14/copy.py", line 82, in copy
    return copier(x)
  File "/home/shanthant/Desktop/Personal/Projects/Ahoum/venv/lib64/python3.14/site-packages/django/template/context.py", line 158, in __copy__
    duplicate = super().__copy__()
  File "/home/shanthant/Desktop/Personal/Projects/Ahoum/venv/lib64/python3.14/site-packages/django/template/context.py", line 39, in __copy__
    duplicate.dicts = self.dicts[:]
    ^^^^^^^^^^^^^^^
AttributeError: 'super' object has no attribute 'dicts' and no __dict__ for setting new attributes

During handling of the above exception, another exception occurred:

Traceback (most recent call last):
  File "/home/shanthant/Desktop/Personal/Projects/Ahoum/venv/lib64/python3.14/site-packages/django/core/handlers/exception.py", line 55, in inner
    response = get_response(request)
  File "/home/shanthant/Desktop/Personal/Projects/Ahoum/venv/lib64/python3.14/site-packages/django/utils/deprecation.py", line 134, in __call__
    response = response or self.get_response(request)
                           ~~~~~~~~~~~~~~~~~^^^^^^^^^
  File "/home/shanthant/Desktop/Personal/Projects/Ahoum/venv/lib64/python3.14/site-packages/django/core/handlers/exception.py", line 57, in inner
    response = response_for_exception(request, exc)
  File "/home/shanthant/Desktop/Personal/Projects/Ahoum/venv/lib64/python3.14/site-packages/django/core/handlers/exception.py", line 144, in response_for_exception
    log_response(
    ~~~~~~~~~~~~^
        "%s: %s",
        ^^^^^^^^^
    ...<4 lines>...
        exception=exc,
        ^^^^^^^^^^^^^^
    )
    ^
  File "/home/shanthant/Desktop/Personal/Projects/Ahoum/venv/lib64/python3.14/site-packages/django/utils/log.py", line 246, in log_response
    getattr(logger, level)(
    ~~~~~~~~~~~~~~~~~~~~~~^
        message,
        ^^^^^^^^
    ...<5 lines>...
        exc_info=exception,
        ^^^^^^^^^^^^^^^^^^^
    )
    ^
  File "/usr/lib64/python3.14/logging/__init__.py", line 1549, in error
    self._log(ERROR, msg, args, **kwargs)
    ~~~~~~~~~^^^^^^^^^^^^^^^^^^^^^^^^^^^^
  File "/usr/lib64/python3.14/logging/__init__.py", line 1665, in _log
    self.handle(record)
    ~~~~~~~~~~~^^^^^^^^
  File "/usr/lib64/python3.14/logging/__init__.py", line 1681, in handle
    self.callHandlers(record)
    ~~~~~~~~~~~~~~~~~^^^^^^^^
  File "/usr/lib64/python3.14/logging/__init__.py", line 1741, in callHandlers
    hdlr.handle(record)
    ~~~~~~~~~~~^^^^^^^^
  File "/usr/lib64/python3.14/logging/__init__.py", line 1027, in handle
    self.emit(record)
    ~~~~~~~~~^^^^^^^^
  File "/home/shanthant/Desktop/Personal/Projects/Ahoum/venv/lib64/python3.14/site-packages/django/utils/log.py", line 125, in emit
    reporter.get_traceback_text(),
    ~~~~~~~~~~~~~~~~~~~~~~~~~~~^^
  File "/home/shanthant/Desktop/Personal/Projects/Ahoum/venv/lib64/python3.14/site-packages/django/views/debug.py", line 418, in get_traceback_text
    return t.render(c)
           ~~~~~~~~^^^
  File "/home/shanthant/Desktop/Personal/Projects/Ahoum/venv/lib64/python3.14/site-packages/django/template/base.py", line 175, in render
    return self._render(context)
           ~~~~~~~~~~~~^^^^^^^^^
  File "/home/shanthant/Desktop/Personal/Projects/Ahoum/venv/lib64/python3.14/site-packages/django/test/utils.py", line 111, in instrumented_test_render
    template_rendered.send(sender=self, template=self, context=context)
    ~~~~~~~~~~~~~~~~~~~~~~^^^^^^^^^^^^^^^^^^^^^^^^^^^^^^^^^^^^^^^^^^^^^
  File "/home/shanthant/Desktop/Personal/Projects/Ahoum/venv/lib64/python3.14/site-packages/django/dispatch/dispatcher.py", line 177, in send
    (receiver, receiver(signal=self, sender=sender, **named))
               ~~~~~~~~^^^^^^^^^^^^^^^^^^^^^^^^^^^^^^^^^^^^^
  File "/home/shanthant/Desktop/Personal/Projects/Ahoum/venv/lib64/python3.14/site-packages/django/test/client.py", line 267, in store_rendered_templates
    store["context"].append(copy(context))
                            ~~~~^^^^^^^^^
  File "/usr/lib64/python3.14/copy.py", line 82, in copy
    return copier(x)
  File "/home/shanthant/Desktop/Personal/Projects/Ahoum/venv/lib64/python3.14/site-packages/django/template/context.py", line 158, in __copy__
    duplicate = super().__copy__()
  File "/home/shanthant/Desktop/Personal/Projects/Ahoum/venv/lib64/python3.14/site-packages/django/template/context.py", line 39, in __copy__
    duplicate.dicts = self.dicts[:]
    ^^^^^^^^^^^^^^^
AttributeError: 'super' object has no attribute 'dicts' and no __dict__ for setting new attributes

During handling of the above exception, another exception occurred:

Traceback (most recent call last):
  File "/home/shanthant/Desktop/Personal/Projects/Ahoum/venv/lib64/python3.14/site-packages/django/core/handlers/exception.py", line 55, in inner
    response = get_response(request)
  File "/home/shanthant/Desktop/Personal/Projects/Ahoum/venv/lib64/python3.14/site-packages/django/utils/deprecation.py", line 134, in __call__
    response = response or self.get_response(request)
                           ~~~~~~~~~~~~~~~~~^^^^^^^^^
  File "/home/shanthant/Desktop/Personal/Projects/Ahoum/venv/lib64/python3.14/site-packages/django/core/handlers/exception.py", line 57, in inner
    response = response_for_exception(request, exc)
  File "/home/shanthant/Desktop/Personal/Projects/Ahoum/venv/lib64/python3.14/site-packages/django/core/handlers/exception.py", line 144, in response_for_exception
    log_response(
    ~~~~~~~~~~~~^
        "%s: %s",
        ^^^^^^^^^
    ...<4 lines>...
        exception=exc,
        ^^^^^^^^^^^^^^
    )
    ^
  File "/home/shanthant/Desktop/Personal/Projects/Ahoum/venv/lib64/python3.14/site-packages/django/utils/log.py", line 246, in log_response
    getattr(logger, level)(
    ~~~~~~~~~~~~~~~~~~~~~~^
        message,
        ^^^^^^^^
    ...<5 lines>...
        exc_info=exception,
        ^^^^^^^^^^^^^^^^^^^
    )
    ^
  File "/usr/lib64/python3.14/logging/__init__.py", line 1549, in error
    self._log(ERROR, msg, args, **kwargs)
    ~~~~~~~~~^^^^^^^^^^^^^^^^^^^^^^^^^^^^
  File "/usr/lib64/python3.14/logging/__init__.py", line 1665, in _log
    self.handle(record)
    ~~~~~~~~~~~^^^^^^^^
  File "/usr/lib64/python3.14/logging/__init__.py", line 1681, in handle
    self.callHandlers(record)
    ~~~~~~~~~~~~~~~~~^^^^^^^^
  File "/usr/lib64/python3.14/logging/__init__.py", line 1741, in callHandlers
    hdlr.handle(record)
    ~~~~~~~~~~~^^^^^^^^
  File "/usr/lib64/python3.14/logging/__init__.py", line 1027, in handle
    self.emit(record)
    ~~~~~~~~~^^^^^^^^
  File "/home/shanthant/Desktop/Personal/Projects/Ahoum/venv/lib64/python3.14/site-packages/django/utils/log.py", line 125, in emit
    reporter.get_traceback_text(),
    ~~~~~~~~~~~~~~~~~~~~~~~~~~~^^
  File "/home/shanthant/Desktop/Personal/Projects/Ahoum/venv/lib64/python3.14/site-packages/django/views/debug.py", line 418, in get_traceback_text
    return t.render(c)
           ~~~~~~~~^^^
  File "/home/shanthant/Desktop/Personal/Projects/Ahoum/venv/lib64/python3.14/site-packages/django/template/base.py", line 175, in render
    return self._render(context)
           ~~~~~~~~~~~~^^^^^^^^^
  File "/home/shanthant/Desktop/Personal/Projects/Ahoum/venv/lib64/python3.14/site-packages/django/test/utils.py", line 111, in instrumented_test_render
    template_rendered.send(sender=self, template=self, context=context)
    ~~~~~~~~~~~~~~~~~~~~~~^^^^^^^^^^^^^^^^^^^^^^^^^^^^^^^^^^^^^^^^^^^^^
  File "/home/shanthant/Desktop/Personal/Projects/Ahoum/venv/lib64/python3.14/site-packages/django/dispatch/dispatcher.py", line 177, in send
    (receiver, receiver(signal=self, sender=sender, **named))
               ~~~~~~~~^^^^^^^^^^^^^^^^^^^^^^^^^^^^^^^^^^^^^
  File "/home/shanthant/Desktop/Personal/Projects/Ahoum/venv/lib64/python3.14/site-packages/django/test/client.py", line 267, in store_rendered_templates
    store["context"].append(copy(context))
                            ~~~~^^^^^^^^^
  File "/usr/lib64/python3.14/copy.py", line 82, in copy
    return copier(x)
  File "/home/shanthant/Desktop/Personal/Projects/Ahoum/venv/lib64/python3.14/site-packages/django/template/context.py", line 158, in __copy__
    duplicate = super().__copy__()
  File "/home/shanthant/Desktop/Personal/Projects/Ahoum/venv/lib64/python3.14/site-packages/django/template/context.py", line 39, in __copy__
    duplicate.dicts = self.dicts[:]
    ^^^^^^^^^^^^^^^
AttributeError: 'super' object has no attribute 'dicts' and no __dict__ for setting new attributes

During handling of the above exception, another exception occurred:

Traceback (most recent call last):
  File "/home/shanthant/Desktop/Personal/Projects/Ahoum/venv/lib64/python3.14/site-packages/django/core/handlers/exception.py", line 55, in inner
    response = get_response(request)
  File "/home/shanthant/Desktop/Personal/Projects/Ahoum/venv/lib64/python3.14/site-packages/django/utils/deprecation.py", line 134, in __call__
    response = response or self.get_response(request)
                           ~~~~~~~~~~~~~~~~~^^^^^^^^^
  File "/home/shanthant/Desktop/Personal/Projects/Ahoum/venv/lib64/python3.14/site-packages/django/core/handlers/exception.py", line 57, in inner
    response = response_for_exception(request, exc)
  File "/home/shanthant/Desktop/Personal/Projects/Ahoum/venv/lib64/python3.14/site-packages/django/core/handlers/exception.py", line 144, in response_for_exception
    log_response(
    ~~~~~~~~~~~~^
        "%s: %s",
        ^^^^^^^^^
    ...<4 lines>...
        exception=exc,
        ^^^^^^^^^^^^^^
    )
    ^
  File "/home/shanthant/Desktop/Personal/Projects/Ahoum/venv/lib64/python3.14/site-packages/django/utils/log.py", line 246, in log_response
    getattr(logger, level)(
    ~~~~~~~~~~~~~~~~~~~~~~^
        message,
        ^^^^^^^^
    ...<5 lines>...
        exc_info=exception,
        ^^^^^^^^^^^^^^^^^^^
    )
    ^
  File "/usr/lib64/python3.14/logging/__init__.py", line 1549, in error
    self._log(ERROR, msg, args, **kwargs)
    ~~~~~~~~~^^^^^^^^^^^^^^^^^^^^^^^^^^^^
  File "/usr/lib64/python3.14/logging/__init__.py", line 1665, in _log
    self.handle(record)
    ~~~~~~~~~~~^^^^^^^^
  File "/usr/lib64/python3.14/logging/__init__.py", line 1681, in handle
    self.callHandlers(record)
    ~~~~~~~~~~~~~~~~~^^^^^^^^
  File "/usr/lib64/python3.14/logging/__init__.py", line 1741, in callHandlers
    hdlr.handle(record)
    ~~~~~~~~~~~^^^^^^^^
  File "/usr/lib64/python3.14/logging/__init__.py", line 1027, in handle
    self.emit(record)
    ~~~~~~~~~^^^^^^^^
  File "/home/shanthant/Desktop/Personal/Projects/Ahoum/venv/lib64/python3.14/site-packages/django/utils/log.py", line 125, in emit
    reporter.get_traceback_text(),
    ~~~~~~~~~~~~~~~~~~~~~~~~~~~^^
  File "/home/shanthant/Desktop/Personal/Projects/Ahoum/venv/lib64/python3.14/site-packages/django/views/debug.py", line 418, in get_traceback_text
    return t.render(c)
           ~~~~~~~~^^^
  File "/home/shanthant/Desktop/Personal/Projects/Ahoum/venv/lib64/python3.14/site-packages/django/template/base.py", line 175, in render
    return self._render(context)
           ~~~~~~~~~~~~^^^^^^^^^
  File "/home/shanthant/Desktop/Personal/Projects/Ahoum/venv/lib64/python3.14/site-packages/django/test/utils.py", line 111, in instrumented_test_render
    template_rendered.send(sender=self, template=self, context=context)
    ~~~~~~~~~~~~~~~~~~~~~~^^^^^^^^^^^^^^^^^^^^^^^^^^^^^^^^^^^^^^^^^^^^^
  File "/home/shanthant/Desktop/Personal/Projects/Ahoum/venv/lib64/python3.14/site-packages/django/dispatch/dispatcher.py", line 177, in send
    (receiver, receiver(signal=self, sender=sender, **named))
               ~~~~~~~~^^^^^^^^^^^^^^^^^^^^^^^^^^^^^^^^^^^^^
  File "/home/shanthant/Desktop/Personal/Projects/Ahoum/venv/lib64/python3.14/site-packages/django/test/client.py", line 267, in store_rendered_templates
    store["context"].append(copy(context))
                            ~~~~^^^^^^^^^
  File "/usr/lib64/python3.14/copy.py", line 82, in copy
    return copier(x)
  File "/home/shanthant/Desktop/Personal/Projects/Ahoum/venv/lib64/python3.14/site-packages/django/template/context.py", line 158, in __copy__
    duplicate = super().__copy__()
  File "/home/shanthant/Desktop/Personal/Projects/Ahoum/venv/lib64/python3.14/site-packages/django/template/context.py", line 39, in __copy__
    duplicate.dicts = self.dicts[:]
    ^^^^^^^^^^^^^^^
AttributeError: 'super' object has no attribute 'dicts' and no __dict__ for setting new attributes

During handling of the above exception, another exception occurred:

Traceback (most recent call last):
  File "/home/shanthant/Desktop/Personal/Projects/Ahoum/venv/lib64/python3.14/site-packages/django/core/handlers/exception.py", line 55, in inner
    response = get_response(request)
  File "/home/shanthant/Desktop/Personal/Projects/Ahoum/venv/lib64/python3.14/site-packages/django/utils/deprecation.py", line 134, in __call__
    response = response or self.get_response(request)
                           ~~~~~~~~~~~~~~~~~^^^^^^^^^
  File "/home/shanthant/Desktop/Personal/Projects/Ahoum/venv/lib64/python3.14/site-packages/django/core/handlers/exception.py", line 57, in inner
    response = response_for_exception(request, exc)
  File "/home/shanthant/Desktop/Personal/Projects/Ahoum/venv/lib64/python3.14/site-packages/django/core/handlers/exception.py", line 144, in response_for_exception
    log_response(
    ~~~~~~~~~~~~^
        "%s: %s",
        ^^^^^^^^^
    ...<4 lines>...
        exception=exc,
        ^^^^^^^^^^^^^^
    )
    ^
  File "/home/shanthant/Desktop/Personal/Projects/Ahoum/venv/lib64/python3.14/site-packages/django/utils/log.py", line 246, in log_response
    getattr(logger, level)(
    ~~~~~~~~~~~~~~~~~~~~~~^
        message,
        ^^^^^^^^
    ...<5 lines>...
        exc_info=exception,
        ^^^^^^^^^^^^^^^^^^^
    )
    ^
  File "/usr/lib64/python3.14/logging/__init__.py", line 1549, in error
    self._log(ERROR, msg, args, **kwargs)
    ~~~~~~~~~^^^^^^^^^^^^^^^^^^^^^^^^^^^^
  File "/usr/lib64/python3.14/logging/__init__.py", line 1665, in _log
    self.handle(record)
    ~~~~~~~~~~~^^^^^^^^
  File "/usr/lib64/python3.14/logging/__init__.py", line 1681, in handle
    self.callHandlers(record)
    ~~~~~~~~~~~~~~~~~^^^^^^^^
  File "/usr/lib64/python3.14/logging/__init__.py", line 1741, in callHandlers
    hdlr.handle(record)
    ~~~~~~~~~~~^^^^^^^^
  File "/usr/lib64/python3.14/logging/__init__.py", line 1027, in handle
    self.emit(record)
    ~~~~~~~~~^^^^^^^^
  File "/home/shanthant/Desktop/Personal/Projects/Ahoum/venv/lib64/python3.14/site-packages/django/utils/log.py", line 125, in emit
    reporter.get_traceback_text(),
    ~~~~~~~~~~~~~~~~~~~~~~~~~~~^^
  File "/home/shanthant/Desktop/Personal/Projects/Ahoum/venv/lib64/python3.14/site-packages/django/views/debug.py", line 418, in get_traceback_text
    return t.render(c)
           ~~~~~~~~^^^
  File "/home/shanthant/Desktop/Personal/Projects/Ahoum/venv/lib64/python3.14/site-packages/django/template/base.py", line 175, in render
    return self._render(context)
           ~~~~~~~~~~~~^^^^^^^^^
  File "/home/shanthant/Desktop/Personal/Projects/Ahoum/venv/lib64/python3.14/site-packages/django/test/utils.py", line 111, in instrumented_test_render
    template_rendered.send(sender=self, template=self, context=context)
    ~~~~~~~~~~~~~~~~~~~~~~^^^^^^^^^^^^^^^^^^^^^^^^^^^^^^^^^^^^^^^^^^^^^
  File "/home/shanthant/Desktop/Personal/Projects/Ahoum/venv/lib64/python3.14/site-packages/django/dispatch/dispatcher.py", line 177, in send
    (receiver, receiver(signal=self, sender=sender, **named))
               ~~~~~~~~^^^^^^^^^^^^^^^^^^^^^^^^^^^^^^^^^^^^^
  File "/home/shanthant/Desktop/Personal/Projects/Ahoum/venv/lib64/python3.14/site-packages/django/test/client.py", line 267, in store_rendered_templates
    store["context"].append(copy(context))
                            ~~~~^^^^^^^^^
  File "/usr/lib64/python3.14/copy.py", line 82, in copy
    return copier(x)
  File "/home/shanthant/Desktop/Personal/Projects/Ahoum/venv/lib64/python3.14/site-packages/django/template/context.py", line 158, in __copy__
    duplicate = super().__copy__()
  File "/home/shanthant/Desktop/Personal/Projects/Ahoum/venv/lib64/python3.14/site-packages/django/template/context.py", line 39, in __copy__
    duplicate.dicts = self.dicts[:]
    ^^^^^^^^^^^^^^^
AttributeError: 'super' object has no attribute 'dicts' and no __dict__ for setting new attributes

During handling of the above exception, another exception occurred:

Traceback (most recent call last):
  File "/home/shanthant/Desktop/Personal/Projects/Ahoum/events/tests.py", line 197, in test_starts_before_includes_historical
    res = self.client.get(self.list_create_url + f"?starts_before={now.isoformat()}")
  File "/home/shanthant/Desktop/Personal/Projects/Ahoum/venv/lib64/python3.14/site-packages/rest_framework/test.py", line 276, in get
    response = super().get(path, data=data, **extra)
  File "/home/shanthant/Desktop/Personal/Projects/Ahoum/venv/lib64/python3.14/site-packages/rest_framework/test.py", line 193, in get
    return self.generic('GET', path, **r)
           ~~~~~~~~~~~~^^^^^^^^^^^^^^^^^^
  File "/home/shanthant/Desktop/Personal/Projects/Ahoum/venv/lib64/python3.14/site-packages/rest_framework/test.py", line 221, in generic
    return super().generic(
           ~~~~~~~~~~~~~~~^
        method, path, data, content_type, secure, **extra)
        ^^^^^^^^^^^^^^^^^^^^^^^^^^^^^^^^^^^^^^^^^^^^^^^^^^
  File "/home/shanthant/Desktop/Personal/Projects/Ahoum/venv/lib64/python3.14/site-packages/django/test/client.py", line 609, in generic
    return self.request(**r)
           ~~~~~~~~~~~~^^^^^
  File "/home/shanthant/Desktop/Personal/Projects/Ahoum/venv/lib64/python3.14/site-packages/rest_framework/test.py", line 273, in request
    return super().request(**kwargs)
           ~~~~~~~~~~~~~~~^^^^^^^^^^
  File "/home/shanthant/Desktop/Personal/Projects/Ahoum/venv/lib64/python3.14/site-packages/rest_framework/test.py", line 225, in request
    request = super().request(**kwargs)
  File "/home/shanthant/Desktop/Personal/Projects/Ahoum/venv/lib64/python3.14/site-packages/django/test/client.py", line 889, in request
    response = self.handler(environ)
  File "/home/shanthant/Desktop/Personal/Projects/Ahoum/venv/lib64/python3.14/site-packages/django/test/client.py", line 176, in __call__
    response = self.get_response(request)
  File "/home/shanthant/Desktop/Personal/Projects/Ahoum/venv/lib64/python3.14/site-packages/rest_framework/test.py", line 245, in get_response
    return super().get_response(request)
           ~~~~~~~~~~~~~~~~~~~~^^^^^^^^^
  File "/home/shanthant/Desktop/Personal/Projects/Ahoum/venv/lib64/python3.14/site-packages/django/core/handlers/base.py", line 140, in get_response
    response = self._middleware_chain(request)
  File "/home/shanthant/Desktop/Personal/Projects/Ahoum/venv/lib64/python3.14/site-packages/django/core/handlers/exception.py", line 57, in inner
    response = response_for_exception(request, exc)
  File "/home/shanthant/Desktop/Personal/Projects/Ahoum/venv/lib64/python3.14/site-packages/django/core/handlers/exception.py", line 144, in response_for_exception
    log_response(
    ~~~~~~~~~~~~^
        "%s: %s",
        ^^^^^^^^^
    ...<4 lines>...
        exception=exc,
        ^^^^^^^^^^^^^^
    )
    ^
  File "/home/shanthant/Desktop/Personal/Projects/Ahoum/venv/lib64/python3.14/site-packages/django/utils/log.py", line 246, in log_response
    getattr(logger, level)(
    ~~~~~~~~~~~~~~~~~~~~~~^
        message,
        ^^^^^^^^
    ...<5 lines>...
        exc_info=exception,
        ^^^^^^^^^^^^^^^^^^^
    )
    ^
  File "/usr/lib64/python3.14/logging/__init__.py", line 1549, in error
    self._log(ERROR, msg, args, **kwargs)
    ~~~~~~~~~^^^^^^^^^^^^^^^^^^^^^^^^^^^^
  File "/usr/lib64/python3.14/logging/__init__.py", line 1665, in _log
    self.handle(record)
    ~~~~~~~~~~~^^^^^^^^
  File "/usr/lib64/python3.14/logging/__init__.py", line 1681, in handle
    self.callHandlers(record)
    ~~~~~~~~~~~~~~~~~^^^^^^^^
  File "/usr/lib64/python3.14/logging/__init__.py", line 1741, in callHandlers
    hdlr.handle(record)
    ~~~~~~~~~~~^^^^^^^^
  File "/usr/lib64/python3.14/logging/__init__.py", line 1027, in handle
    self.emit(record)
    ~~~~~~~~~^^^^^^^^
  File "/home/shanthant/Desktop/Personal/Projects/Ahoum/venv/lib64/python3.14/site-packages/django/utils/log.py", line 125, in emit
    reporter.get_traceback_text(),
    ~~~~~~~~~~~~~~~~~~~~~~~~~~~^^
  File "/home/shanthant/Desktop/Personal/Projects/Ahoum/venv/lib64/python3.14/site-packages/django/views/debug.py", line 418, in get_traceback_text
    return t.render(c)
           ~~~~~~~~^^^
  File "/home/shanthant/Desktop/Personal/Projects/Ahoum/venv/lib64/python3.14/site-packages/django/template/base.py", line 175, in render
    return self._render(context)
           ~~~~~~~~~~~~^^^^^^^^^
  File "/home/shanthant/Desktop/Personal/Projects/Ahoum/venv/lib64/python3.14/site-packages/django/test/utils.py", line 111, in instrumented_test_render
    template_rendered.send(sender=self, template=self, context=context)
    ~~~~~~~~~~~~~~~~~~~~~~^^^^^^^^^^^^^^^^^^^^^^^^^^^^^^^^^^^^^^^^^^^^^
  File "/home/shanthant/Desktop/Personal/Projects/Ahoum/venv/lib64/python3.14/site-packages/django/dispatch/dispatcher.py", line 177, in send
    (receiver, receiver(signal=self, sender=sender, **named))
               ~~~~~~~~^^^^^^^^^^^^^^^^^^^^^^^^^^^^^^^^^^^^^
  File "/home/shanthant/Desktop/Personal/Projects/Ahoum/venv/lib64/python3.14/site-packages/django/test/client.py", line 267, in store_rendered_templates
    store["context"].append(copy(context))
                            ~~~~^^^^^^^^^
  File "/usr/lib64/python3.14/copy.py", line 82, in copy
    return copier(x)
  File "/home/shanthant/Desktop/Personal/Projects/Ahoum/venv/lib64/python3.14/site-packages/django/template/context.py", line 158, in __copy__
    duplicate = super().__copy__()
  File "/home/shanthant/Desktop/Personal/Projects/Ahoum/venv/lib64/python3.14/site-packages/django/template/context.py", line 39, in __copy__
    duplicate.dicts = self.dicts[:]
    ^^^^^^^^^^^^^^^
AttributeError: 'super' object has no attribute 'dicts' and no __dict__ for setting new attributes

----------------------------------------------------------------------
Ran 21 tests in 6.730s

FAILED (errors=2)
Destroying test database for alias 'default'...
